System Dimensions and Properties
--------------------------------------------------------------------------------
Box_dim (Å):
  Full matrix: [3.5850, 3.1047, 4.9040, 0.0000, 0.0000, -1.7925, 0.0000, 0.0000, 0.0000]
Cell parameters:
  a, b, c (Å): 3.5850, 3.5850, 4.9040
  α, β, γ (°): 90.0000, 90.0000, 120.0000
  Volume: 54.5833 Å³

Box_dim and Cell explanations:
  Box_dim: A 1D array of box dimensions, typically in Angstroms.
          For orthogonal boxes: [Lx, Ly, Lz]
          For triclinic boxes: [Lx, Ly, Lz, xy, xz, yz] or [Lx, Ly, Lz, α, β, γ]
  Cell: A 1×6 array with cell parameters [a, b, c, α, β, γ]
        where a, b, c are lengths and α, β, γ are angles in degrees.
--------------------------------------------------------------------------------

Total charge: 0.0000000

Unique Atom Types and Their Coordination Environment
--------------------------------------------------------------------------------
Type       Count  Neighbors                     Charge
--------------------------------------------------------------------------------
Cah        1      OhOh                          1.52000
H          2      Oh                            0.40000
Oh         2      CahH                         -1.16000
--------------------------------------------------------------------------------

Detailed Atom Type Statistics with Standard Deviations
--------------------------------------------------------------------------------
Type       Count  Coord#           Bond Dist (Å)        Angle (°)           
--------------------------------------------------------------------------------
Cah        1      2.00 ± 0.00      2.3689 ± 0.0017      179.838 ± 0.000     
H          2      1.00 ± 0.00      0.9600 ± 0.0000      119.097 ± 0.056 (H-O-M)
Oh         2      2.00 ± 0.00      1.6645 ± 0.8134      119.097 ± 0.056     
--------------------------------------------------------------------------------

Bond Statistics for Unique Atom Type Pairs
--------------------------------------------------------------------------------
Bond Pair                 Count    Distance (Å)        
--------------------------------------------------------------------------------
Cah-Oh                    4        2.3689 ± 0.0014
H-Oh                      4        0.9600 ± 0.0000
--------------------------------------------------------------------------------

Angle Statistics for Unique Atom Type Triplets
--------------------------------------------------------------------------------
Angle Triplet             Count    Angle (°)           
--------------------------------------------------------------------------------
Cah-Oh-H                  2        119.097 ± 0.056
Oh-Cah-Oh                 1        179.838 ± 0.000
--------------------------------------------------------------------------------

